{"ts": "2026-08-15T10:50:53.668179Z", "op": "dispatch-price", "detail": "{\"card\": \"first-paid-task-001\", \"brick_id\": \"worker-001\", \"price\": 1}", "outcome": "committed"}
{"ts": "2026-08-15T10:50:53.681883Z", "op": "dispatch-void", "detail": "{\"card\": \"first-paid-task-001\", \"brick_id\": \"worker-001\", \"http\": 501}", "outcome": "voided"}
{"ts": "2026-08-15T10:51:05.854726Z", "op": "dispatch-price", "detail": "{\"card\": \"first-paid-task-001\", \"brick_id\": \"worker-001\", \"price\": 1}", "outcome": "committed"}
{"ts": "2026-08-15T10:51:05.856479Z", "op": "dispatch-void", "detail": "{\"card\": \"first-paid-task-001\", \"brick_id\": \"worker-001\", \"http\": 501}", "outcome": "voided"}
{"ts": "2026-08-15T10:51:40.749616Z", "op": "dispatch-price", "detail": "{\"card\": \"first-paid-task-001\", \"brick_id\": \"worker-001\", \"price\": 1}", "outcome": "committed"}
{"ts": "2026-08-15T10:51:40.763065Z", "op": "dispatch-void", "detail": "{\"card\": \"first-paid-task-001\", \"brick_id\": \"worker-001\", \"http\": 403}", "outcome": "voided"}
{"ts": "2026-08-15T10:51:47.107231Z", "op": "dispatch-price", "detail": "{\"card\": \"first-paid-task-001\", \"brick_id\": \"worker-001\", \"price\": 1}", "outcome": "committed"}
{"ts": "2026-08-15T10:51:47.109300Z", "op": "dispatch-void", "detail": "{\"card\": \"first-paid-task-001\", \"brick_id\": \"worker-001\", \"http\": 403}", "outcome": "voided"}
{"ts": "2026-08-15T10:52:31.889031Z", "op": "dispatch-price", "detail": "{\"card\": \"first-paid-task-001\", \"brick_id\": \"worker-001\", \"price\": 1}", "outcome": "committed"}
{"ts": "2026-08-15T16:07:19.593718Z", "op": "dispatch-price", "detail": "{\"card\": \"v20-ovh-001\", \"brick_id\": \"worker-001\", \"price\": 1}", "outcome": "committed"}
{"ts": "2026-08-15T16:07:19.604262Z", "op": "dispatch-void", "detail": "{\"card\": \"v20-ovh-001\", \"brick_id\": \"worker-001\", \"err\": \"<urlopen error [Errno 111] Connection re\"}", "outcome": "voided"}
{"ts": "2026-08-15T16:07:19.606354Z", "op": "dispatch-price", "detail": "{\"card\": \"v20-ovh-001\", \"brick_id\": \"worker-001\", \"price\": 1}", "outcome": "committed"}
{"ts": "2026-08-15T16:07:19.607084Z", "op": "dispatch-void", "detail": "{\"card\": \"v20-ovh-001\", \"brick_id\": \"worker-001\", \"err\": \"<urlopen error [Errno 111] Connection re\"}", "outcome": "voided"}
{"ts": "2026-08-15T16:07:36.930623Z", "op": "dispatch-price", "detail": "{\"card\": \"v20-ovh-001\", \"brick_id\": \"worker-001\", \"price\": 1}", "outcome": "committed"}
{"ts": "2026-08-15T16:07:36.931681Z", "op": "dispatch-void", "detail": "{\"card\": \"v20-ovh-001\", \"brick_id\": \"worker-001\", \"err\": \"<urlopen error [Errno 111] Connection re\"}", "outcome": "voided"}
{"ts": "2026-08-15T16:07:36.933228Z", "op": "dispatch-price", "detail": "{\"card\": \"v20-ovh-001\", \"brick_id\": \"worker-001\", \"price\": 1}", "outcome": "committed"}
{"ts": "2026-08-15T16:07:36.933740Z", "op": "dispatch-void", "detail": "{\"card\": \"v20-ovh-001\", \"brick_id\": \"worker-001\", \"err\": \"<urlopen error [Errno 111] Connection re\"}", "outcome": "voided"}
{"ts": "2026-08-15T16:07:58.714193Z", "op": "dispatch-price", "detail": "{\"card\": \"v20-ovh-001\", \"brick_id\": \"worker-001\", \"price\": 1}", "outcome": "committed"}
{"ts": "2026-08-15T16:07:58.715209Z", "op": "dispatch-void", "detail": "{\"card\": \"v20-ovh-001\", \"brick_id\": \"worker-001\", \"err\": \"<urlopen error [Errno 111] Connection re\"}", "outcome": "voided"}
{"ts": "2026-08-15T16:07:58.716956Z", "op": "dispatch-price", "detail": "{\"card\": \"v20-ovh-001\", \"brick_id\": \"worker-001\", \"price\": 1}", "outcome": "committed"}
{"ts": "2026-08-15T16:07:58.717621Z", "op": "dispatch-void", "detail": "{\"card\": \"v20-ovh-001\", \"brick_id\": \"worker-001\", \"err\": \"<urlopen error [Errno 111] Connection re\"}", "outcome": "voided"}
{"ts": "2026-08-15T16:08:12.214875Z", "op": "dispatch-price", "detail": "{\"card\": \"probe-1\", \"brick_id\": \"worker-001\", \"price\": 1}", "outcome": "committed"}
{"ts": "2026-08-15T16:08:12.215619Z", "op": "dispatch-void", "detail": "{\"card\": \"probe-1\", \"brick_id\": \"worker-001\", \"err\": \"<urlopen error [Errno 111] Connection re\"}", "outcome": "voided"}
{"ts": "2026-08-15T16:08:44.090883Z", "op": "dispatch-price", "detail": "{\"card\": \"v20-ovh-001\", \"brick_id\": \"worker-001\", \"price\": 1}", "outcome": "committed"}
{"ts": "2026-08-15T16:08:44.096038Z", "op": "dispatch-price", "detail": "{\"card\": \"v20-ovh-001\", \"brick_id\": \"worker-001\", \"price\": 1}", "outcome": "committed"}
{"ts": "2026-08-15T20:10:32.929138Z", "op": "dispatch-price", "detail": "{\"card\": \"t017-engine-verify-001\", \"brick_id\": \"worker-001\", \"price\": 1}", "outcome": "committed"}
{"ts": "2026-08-15T20:11:19.073545Z", "op": "dispatch-price", "detail": "{\"card\": \"t017-engine-verify-001\", \"brick_id\": \"worker-001\", \"price\": 1}", "outcome": "committed"}
{"ts": "2026-08-15T20:11:25.609636Z", "op": "dispatch-price", "detail": "{\"card\": \"t017-engine-verify-001\", \"brick_id\": \"worker-001\", \"price\": 1}", "outcome": "committed"}
{"ts": "2026-08-15T20:12:10.483265Z", "op": "dispatch-price", "detail": "{\"card\": \"t017-engine-verify-001\", \"brick_id\": \"worker-001\", \"price\": 1}", "outcome": "committed"}
{"ts": "2026-08-15T20:12:10.494894Z", "op": "dispatch-void", "detail": "{\"card\": \"t017-engine-verify-001\", \"brick_id\": \"worker-001\", \"http\": 403}", "outcome": "voided"}
{"ts": "2026-08-15T20:12:34.378907Z", "op": "dispatch-price", "detail": "{\"card\": \"t017-engine-verify-001\", \"brick_id\": \"worker-001\", \"price\": 1}", "outcome": "committed"}
{"ts": "2026-08-15T20:12:34.380526Z", "op": "dispatch-void", "detail": "{\"card\": \"t017-engine-verify-001\", \"brick_id\": \"worker-001\", \"http\": 403}", "outcome": "voided"}
{"ts": "2026-08-15T20:12:49.673240Z", "op": "dispatch-price", "detail": "{\"card\": \"t017-engine-verify-001\", \"brick_id\": \"worker-001\", \"price\": 1}", "outcome": "committed"}
{"ts": "2026-08-15T20:12:49.675646Z", "op": "dispatch-void", "detail": "{\"card\": \"t017-engine-verify-001\", \"brick_id\": \"worker-001\", \"http\": 403}", "outcome": "voided"}
{"ts": "2026-08-15T20:13:25.673915Z", "op": "dispatch-price", "detail": "{\"card\": \"t017-engine-verify-001\", \"brick_id\": \"worker-001\", \"price\": 1}", "outcome": "committed"}
{"ts": "2026-08-15T20:13:25.676352Z", "op": "dispatch-void", "detail": "{\"card\": \"t017-engine-verify-001\", \"brick_id\": \"worker-001\", \"http\": 403}", "outcome": "voided"}
{"ts": "2026-08-15T20:13:35.503960Z", "op": "dispatch-price", "detail": "{\"card\": \"t017-engine-verify-001\", \"brick_id\": \"worker-001\", \"price\": 1}", "outcome": "committed"}
{"ts": "2026-08-15T20:13:35.505445Z", "op": "dispatch-void", "detail": "{\"card\": \"t017-engine-verify-001\", \"brick_id\": \"worker-001\", \"http\": 403}", "outcome": "voided"}
{"ts": "2026-08-15T20:13:45.988503Z", "op": "dispatch-price", "detail": "{\"card\": \"t017-engine-verify-001\", \"brick_id\": \"worker-001\", \"price\": 1}", "outcome": "committed"}
{"ts": "2026-08-15T20:13:45.989778Z", "op": "dispatch-void", "detail": "{\"card\": \"t017-engine-verify-001\", \"brick_id\": \"worker-001\", \"http\": 403}", "outcome": "voided"}
{"ts": "2026-08-15T20:16:02.028266Z", "op": "dispatch-price", "detail": "{\"card\": \"t017-engine-verify-001\", \"brick_id\": \"worker-001\", \"price\": 1}", "outcome": "committed"}
{"ts": "2026-08-15T20:16:13.751681Z", "op": "dispatch-price", "detail": "{\"card\": \"t017-engine-verify-001\", \"brick_id\": \"worker-001\", \"price\": 1}", "outcome": "committed"}
{"ts": "2026-08-15T20:18:00.245370Z", "op": "dispatch-price", "detail": "{\"card\": \"t017-engine-verify-001\", \"brick_id\": \"worker-001\", \"price\": 1}", "outcome": "committed"}
{"ts": "2026-08-15T20:30:04.409063Z", "op": "dispatch-price", "detail": "{\"card\": \"t017-engine-verify-001\", \"brick_id\": \"worker-001\", \"price\": 1}", "outcome": "committed"}
{"ts": "2026-08-15T20:30:16.001948Z", "op": "dispatch-price", "detail": "{\"card\": \"t017-engine-verify-001\", \"brick_id\": \"worker-001\", \"price\": 1}", "outcome": "committed"}
{"ts": "2026-08-15T20:30:34.053668Z", "op": "dispatch-price", "detail": "{\"card\": \"t017-engine-verify-002\", \"brick_id\": \"worker-001\", \"price\": 1}", "outcome": "committed"}
